e02_v0: 50 items, 2 ya hechos, 48 por hacer -> salidas/sample_e02_v0.jsonl
Warning: You are sending unauthenticated requests to the HF Hub. Please set a HF_TOKEN to enable higher rate limits and faster downloads.
Loading weights:   0%|          | 0/391 [00:00<?, ?it/s]Loading weights: 100%|██████████| 391/391 [00:00<00:00, 31601.14it/s]
[1/48] id=60 multiple_choice 173.4 s  ok  (media 173.6 s, faltan ~136 min)
[2/48] id=128 multiple_choice 152.3 s  ok  (media 162.9 s, faltan ~125 min)
[3/48] id=290 multiple_choice 110.6 s  ok  (media 145.5 s, faltan ~109 min)
[4/48] id=308 multiple_choice 108.7 s  ok  (media 136.3 s, faltan ~100 min)
[5/48] id=352 multiple_choice 136.4 s  ok  (media 136.3 s, faltan ~98 min)
[6/48] id=358 multiple_choice  89.8 s  ok  (media 128.6 s, faltan ~90 min)
[7/48] id=487 multiple_choice  89.4 s  ok  (media 123.0 s, faltan ~84 min)
[8/48] id=528 multiple_choice 117.8 s  ok  (media 122.3 s, faltan ~82 min)
[9/48] id=600 multiple_choice 112.2 s  ok  (media 121.2 s, faltan ~79 min)
[10/48] id=617 multiple_choice 143.5 s  ok  (media 123.4 s, faltan ~78 min)
[11/48] id=647 multiple_choice 127.4 s  ok  (media 123.8 s, faltan ~76 min)
[12/48] id=671 multiple_choice 124.3 s  ok  (media 123.8 s, faltan ~74 min)
[13/48] id=748 multiple_choice 116.1 s  ok  (media 123.3 s, faltan ~72 min)
[14/48] id=247 open_ended      190.9 s  ok  (media 128.1 s, faltan ~73 min)
[15/48] id=253 open_ended      191.9 s  ok  (media 132.3 s, faltan ~73 min)
[16/48] id=272 open_ended      223.3 s  ok  (media 138.0 s, faltan ~74 min)
[17/48] id=513 open_ended      155.1 s  ok  (media 139.0 s, faltan ~72 min)
[18/48] id=679 open_ended      534.9 s  ok  (media 161.0 s, faltan ~81 min)
[19/48] id=24 semi_open        80.3 s  ok  (media 156.8 s, faltan ~76 min)
[20/48] id=79 semi_open       119.9 s  ok  (media 154.9 s, faltan ~72 min)
[21/48] id=140 semi_open       113.3 s  ok  (media 153.0 s, faltan ~69 min)
[22/48] id=142 semi_open       103.4 s  ok  (media 150.7 s, faltan ~65 min)
[23/48] id=168 semi_open        51.7 s  ok  (media 146.4 s, faltan ~61 min)
[24/48] id=190 semi_open       184.9 s  ok  (media 148.0 s, faltan ~59 min)
[25/48] id=218 semi_open       113.3 s  ok  (media 146.6 s, faltan ~56 min)
[26/48] id=239 semi_open       143.8 s  ok  (media 146.5 s, faltan ~54 min)
[27/48] id=280 semi_open        68.4 s  ok  (media 143.6 s, faltan ~50 min)
[28/48] id=442 semi_open        75.1 s  ok  (media 141.2 s, faltan ~47 min)
[29/48] id=453 semi_open       117.0 s  ok  (media 140.3 s, faltan ~44 min)
[30/48] id=472 semi_open        98.4 s  ok  (media 138.9 s, faltan ~42 min)
[31/48] id=490 semi_open        63.9 s  ok  (media 136.5 s, faltan ~39 min)
[32/48] id=563 semi_open       103.3 s  ok  (media 135.5 s, faltan ~36 min)
[33/48] id=589 semi_open        76.9 s  ok  (media 133.7 s, faltan ~33 min)
[34/48] id=661 semi_open       129.5 s  ok  (media 133.6 s, faltan ~31 min)
[35/48] id=674 semi_open       101.3 s  ok  (media 132.7 s, faltan ~29 min)
[36/48] id=697 semi_open       105.7 s  ok  (media 131.9 s, faltan ~26 min)
[37/48] id=857 semi_open       244.8 s  ok  (media 135.0 s, faltan ~25 min)
[38/48] id=865 semi_open       103.5 s  ok  (media 134.1 s, faltan ~22 min)
[39/48] id=879 semi_open        76.1 s  ok  (media 132.6 s, faltan ~20 min)
[40/48] id=919 semi_open       190.1 s  ok  (media 134.1 s, faltan ~18 min)
[41/48] id=946 semi_open        44.1 s  ok  (media 131.9 s, faltan ~15 min)
[42/48] id=960 semi_open        38.7 s  ok  (media 129.7 s, faltan ~13 min)
[43/48] id=991 semi_open        51.5 s  ok  (media 127.9 s, faltan ~11 min)
[44/48] id=1005 semi_open        37.6 s  ok  (media 125.8 s, faltan ~8 min)
[45/48] id=1015 semi_open        59.7 s  ok  (media 124.3 s, faltan ~6 min)
[46/48] id=1065 semi_open        40.1 s  ok  (media 122.5 s, faltan ~4 min)
[47/48] id=1073 semi_open        33.0 s  ok  (media 120.6 s, faltan ~2 min)
[48/48] id=1089 semi_open        53.3 s  ok  (media 119.2 s, faltan ~0 min)

50 registros en salidas/sample_e02_v0.jsonl; 0 abstenciones; 0 con errores de schema
FIN exit=0
